// Jest Snapshot v1, https://jestjs.io/docs/snapshot-testing

exports[`YamlView snapshots renders 1`] = `
<DocumentFragment>
  .c1 {
  display: flex;
  flex-direction: row;
  align-items: center;
  gap: 4px;
  width: 100%;
}

.c3 {
  display: flex;
  flex-direction: row;
  align-items: center;
}

.c4 svg {
  height: 12px;
  width: 12px;
}

.c4 svg path.path-fill,
.c4 svg line.path-fill,
.c4 svg polygon.path-fill,
.c4 svg rect.path-fill,
.c4 svg circle.path-fill,
.c4 svg polyline.path-fill {
  fill: !important;
  transition: fill 200ms cubic-bezier(0.4, 0, 0.2, 1) 0ms;
}

.c4 svg path.stroke-fill,
.c4 svg line.stroke-fill,
.c4 svg polygon.stroke-fill,
.c4 svg rect.stroke-fill,
.c4 svg circle.stroke-fill,
.c4 svg polyline.stroke-fill {
  stroke: !important;
  transition: stroke 200ms cubic-bezier(0.4, 0, 0.2, 1) 0ms;
}

.c4 svg rect.rect-height {
  height: 12px;
  width: 12px;
}

.c4.downward {
  transform: rotate(180deg);
}

.c4.upward {
  transform: initial;
}

.c4 img {
  width: 12px;
}

.c5 svg {
  height: 16px;
  width: 16px;
}

.c5 svg path.path-fill,
.c5 svg line.path-fill,
.c5 svg polygon.path-fill,
.c5 svg rect.path-fill,
.c5 svg circle.path-fill,
.c5 svg polyline.path-fill {
  fill: !important;
  transition: fill 200ms cubic-bezier(0.4, 0, 0.2, 1) 0ms;
}

.c5 svg path.stroke-fill,
.c5 svg line.stroke-fill,
.c5 svg polygon.stroke-fill,
.c5 svg rect.stroke-fill,
.c5 svg circle.stroke-fill,
.c5 svg polyline.stroke-fill {
  stroke: !important;
  transition: stroke 200ms cubic-bezier(0.4, 0, 0.2, 1) 0ms;
}

.c5 svg rect.rect-height {
  height: 16px;
  width: 16px;
}

.c5.downward {
  transform: rotate(180deg);
}

.c5.upward {
  transform: initial;
}

.c5 img {
  width: 16px;
}

.c2 {
  background: #C2C9D7;
  padding: 12px;
  border-bottom: 1px solid #BDBDBD;
  font-family: monospace;
  color: #009CCC;
  text-overflow: ellipsis;
}

.c0 {
  margin-bottom: 12px;
  width: 100%;
  font-size: 12px;
  border: 1px solid #BDBDBD;
  border-radius: 8px;
  overflow: hidden;
}

.c0 .code-wrapper {
  position: relative;
}

.c0 .copy-wrapper {
  position: absolute;
  right: 4px;
  top: 8px;
  background: #C2C9D7;
  padding: 4px 8px;
  border-radius: 2px;
}

.c0 pre {
  padding: 24px 12px!important;
}

<div
    class="c0 UnstyledYamlView"
  >
    <div
      class="c1 c2"
    >
      kubectl get kustomization podinfo -n flux-system -o yaml
      <div
        style="cursor: pointer;"
      >
        <div
          class="c3 c4"
        >
          <svg
            aria-hidden="true"
            class="MuiSvgIcon-root MuiSvgIcon-fontSizeMedium css-1umw9bq-MuiSvgIcon-root"
            data-testid="FileCopyOutlinedIcon"
            focusable="false"
            viewBox="0 0 24 24"
          >
            <path
              d="M16 1H4c-1.1 0-2 .9-2 2v14h2V3h12zm-1 4H8c-1.1 0-1.99.9-1.99 2L6 21c0 1.1.89 2 1.99 2H19c1.1 0 2-.9 2-2V11zM8 21V7h6v5h5v9z"
            />
          </svg>
        </div>
      </div>
    </div>
    <div
      class="code-wrapper"
    >
      <div
        class="copy-wrapper"
      >
        <div
          style="cursor: pointer;"
        >
          <div
            class="c3 c5"
          >
            <svg
              aria-hidden="true"
              class="MuiSvgIcon-root MuiSvgIcon-fontSizeMedium css-1umw9bq-MuiSvgIcon-root"
              data-testid="FileCopyOutlinedIcon"
              focusable="false"
              viewBox="0 0 24 24"
            >
              <path
                d="M16 1H4c-1.1 0-2 .9-2 2v14h2V3h12zm-1 4H8c-1.1 0-1.99.9-1.99 2L6 21c0 1.1.89 2 1.99 2H19c1.1 0 2-.9 2-2V11zM8 21V7h6v5h5v9z"
              />
            </svg>
          </div>
        </div>
      </div>
      <pre
        style="color: black; background: rgb(245, 242, 240); text-shadow: 0 1px white; font-family: Consolas, Monaco, 'Andale Mono', 'Ubuntu Mono', monospace; font-size: 1em; text-align: left; white-space: pre; word-spacing: normal; word-break: normal; word-wrap: normal; line-height: 1.5; tab-size: 4; hyphens: none; padding: 1em; margin: 0px; overflow: auto; background-color: transparent;"
      >
        <code
          style="white-space: pre; word-break: break-word;"
        >
          <span
            style="text-wrap: wrap;"
          >
            <span
              class="linenumber react-syntax-highlighter-line-number"
              style="display: inline-block; min-width: 1.25em; padding-right: 1em; text-align: right; user-select: none; color: slategray;"
            >
              1
            </span>
            <span>
              yaml\\nyaml\\nyaml\\n
            </span>
          </span>
        </code>
      </pre>
    </div>
  </div>
</DocumentFragment>
`;
