// Jest Snapshot v1, https://goo.gl/fbAQLP

exports[`DataTable snapshots renders 1`] = `
.c0 {
  display: -webkit-box;
  display: -webkit-flex;
  display: -ms-flexbox;
  display: flex;
  -webkit-flex-direction: column;
  -ms-flex-direction: column;
  flex-direction: column;
  -webkit-align-items: start;
  -webkit-box-align: start;
  -ms-flex-align: start;
  align-items: start;
  height: 100%;
  width: 100%;
}

.c2 {
  display: -webkit-box;
  display: -webkit-flex;
  display: -ms-flexbox;
  display: flex;
  -webkit-flex-direction: row;
  -ms-flex-direction: row;
  flex-direction: row;
  -webkit-align-items: center;
  -webkit-box-align: center;
  -ms-flex-align: center;
  align-items: center;
  width: 100%;
  -webkit-box-pack: end;
  -webkit-justify-content: flex-end;
  -ms-flex-pack: end;
  justify-content: flex-end;
}

.c4 {
  display: -webkit-box;
  display: -webkit-flex;
  display: -ms-flexbox;
  display: flex;
  -webkit-flex-direction: row;
  -ms-flex-direction: row;
  flex-direction: row;
  -webkit-align-items: start;
  -webkit-box-align: start;
  -ms-flex-align: start;
  align-items: start;
  height: 100%;
  width: 100%;
}

.c5 {
  display: -webkit-box;
  display: -webkit-flex;
  display: -ms-flexbox;
  display: flex;
  -webkit-flex-direction: row;
  -ms-flex-direction: row;
  flex-direction: row;
  -webkit-align-items: center;
  -webkit-box-align: center;
  -ms-flex-align: center;
  align-items: center;
  gap: 4px;
  -webkit-box-pack: start;
  -webkit-justify-content: flex-start;
  -ms-flex-pack: start;
  justify-content: flex-start;
}

.c7 {
  display: -webkit-box;
  display: -webkit-flex;
  display: -ms-flexbox;
  display: flex;
  -webkit-flex-direction: row;
  -ms-flex-direction: row;
  flex-direction: row;
  -webkit-align-items: center;
  -webkit-box-align: center;
  -ms-flex-align: center;
  align-items: center;
}

.c13 {
  display: -webkit-box;
  display: -webkit-flex;
  display: -ms-flexbox;
  display: flex;
  -webkit-flex-direction: column;
  -ms-flex-direction: column;
  flex-direction: column;
  -webkit-align-items: start;
  -webkit-box-align: start;
  -ms-flex-align: start;
  align-items: start;
  -webkit-box-pack: start;
  -webkit-justify-content: flex-start;
  -ms-flex-pack: start;
  justify-content: flex-start;
}

.c15 {
  display: -webkit-box;
  display: -webkit-flex;
  display: -ms-flexbox;
  display: flex;
  -webkit-flex-direction: row;
  -ms-flex-direction: row;
  flex-direction: row;
  -webkit-align-items: center;
  -webkit-box-align: center;
  -ms-flex-align: center;
  align-items: center;
  width: 100%;
  -webkit-box-pack: start;
  -webkit-justify-content: flex-start;
  -ms-flex-pack: start;
  justify-content: flex-start;
}

.c10 {
  font-family: 'proxima-nova',Helvetica,Arial,sans-serif;
  font-size: 14px;
  font-weight: 400;
  text-transform: none;
  font-style: normal;
}

.c16 {
  font-family: 'proxima-nova',Helvetica,Arial,sans-serif;
  font-size: 20px;
  font-weight: 400;
  text-transform: none;
  font-style: normal;
  color: #737373;
}

.c8 svg {
  height: 16px;
  width: 16px;
}

.c8 svg path.path-fill,
.c8 svg line.path-fill,
.c8 svg polygon.path-fill,
.c8 svg rect.path-fill,
.c8 svg circle.path-fill,
.c8 svg polyline.path-fill {
  fill: !important;
  -webkit-transition: fill 200ms cubic-bezier(0.4,0,0.2,1) 0ms;
  transition: fill 200ms cubic-bezier(0.4,0,0.2,1) 0ms;
}

.c8 svg path.stroke-fill,
.c8 svg line.stroke-fill,
.c8 svg polygon.stroke-fill,
.c8 svg rect.stroke-fill,
.c8 svg circle.stroke-fill,
.c8 svg polyline.stroke-fill {
  stroke: !important;
  -webkit-transition: stroke 200ms cubic-bezier(0.4,0,0.2,1) 0ms;
  transition: stroke 200ms cubic-bezier(0.4,0,0.2,1) 0ms;
}

.c8 svg rect.rect-height {
  height: 16px;
  width: 16px;
}

.c8.downward {
  -webkit-transform: rotate(180deg);
  -ms-transform: rotate(180deg);
  transform: rotate(180deg);
}

.c8.upward {
  -webkit-transform: initial;
  -ms-transform: initial;
  transform: initial;
}

.c8 .c9 {
  margin-left: 4px;
}

.c8 img {
  width: 16px;
}

.c11 {
  position: relative;
  height: 100%;
  width: 0px;
  left: 24px;
  -webkit-transition-property: width,left;
  transition-property: width,left;
  -webkit-transition-duration: 0.5s;
  transition-duration: 0.5s;
  -webkit-transition-timing-function: ease-in-out;
  transition-timing-function: ease-in-out;
}

.c11.open {
  left: 0px;
  width: 350px;
}

.c12 {
  background: rbga(255,255,255,0.75);
  height: 100%;
  width: 100%;
  border-left: 2px solid #d8d8d8;
  padding: 24px;
  padding-left: 32px;
}

.c14 .MuiListItem-gutters {
  padding-left: 0px;
}

.c14 .MuiCheckbox-root {
  padding: 0px;
}

.c14 .MuiCheckbox-colorSecondary.Mui-checked {
  color: #00b3ec;
}

.c6.MuiButton-root {
  margin: 0;
  text-transform: none;
  -webkit-letter-spacing: 0;
  -moz-letter-spacing: 0;
  -ms-letter-spacing: 0;
  letter-spacing: 0;
}

.c6.MuiButton-text {
  min-width: 0px;
}

.c6.MuiButton-text .selected {
  color: #1a1a1a;
}

.c6.arrow {
  min-width: 0px;
}

.c3 {
  max-width: 100%;
}

.c1 {
  width: 100%;
  -webkit-flex-wrap: nowrap;
  -ms-flex-wrap: nowrap;
  flex-wrap: nowrap;
  overflow-x: hidden;
}

.c1 h2 {
  padding: 8px;
  font-size: 12px;
  font-weight: 600;
  color: #737373;
  margin: 0px;
  white-space: nowrap;
  text-transform: uppercase;
  -webkit-letter-spacing: 1px;
  -moz-letter-spacing: 1px;
  -ms-letter-spacing: 1px;
  letter-spacing: 1px;
}

.c1 .MuiTableRow-root {
  -webkit-transition: background 0.5s ease-in-out;
  transition: background 0.5s ease-in-out;
}

.c1 .MuiTableRow-root:not(.MuiTableRow-head):hover {
  background: #f5f5f5;
  -webkit-transition: background 0.5s ease-in-out;
  transition: background 0.5s ease-in-out;
}

.c1 .MuiTableCell-root {
  border-color: #d8d8d8;
}

.c1 table {
  margin-top: 12px;
}

.c1 th {
  padding: 0;
  background: #F6F7F9;
}

.c1 th .MuiCheckbox-root {
  padding: 4px 9px;
}

.c1 th:first-child {
  border-top-left-radius: 4px;
}

.c1 th:last-child {
  border-top-right-radius: 4px;
}

.c1 td {
  padding-left: 16px;
  white-space: nowrap;
  overflow: hidden;
  text-overflow: ellipsis;
}

<div
  className="c0 c1"
>
  <div
    className="c2 c3"
  />
  <div
    className="c4"
  >
    <div
      className="MuiTableContainer-root"
    >
      <table
        className="MuiTable-root"
        role={null}
      >
        <thead
          className="MuiTableHead-root"
          role={null}
        >
          <tr
            className="MuiTableRow-root MuiTableRow-head"
            role={null}
          >
            <th
              aria-sort={null}
              className="MuiTableCell-root MuiTableCell-head"
              scope="col"
            >
              <div
                className="c5"
              >
                <button
                  className="MuiButtonBase-root MuiButton-root MuiButton-text c6 MuiButton-colorInherit"
                  disabled={false}
                  onBlur={[Function]}
                  onClick={[Function]}
                  onDragLeave={[Function]}
                  onFocus={[Function]}
                  onKeyDown={[Function]}
                  onKeyUp={[Function]}
                  onMouseDown={[Function]}
                  onMouseLeave={[Function]}
                  onMouseUp={[Function]}
                  onTouchEnd={[Function]}
                  onTouchMove={[Function]}
                  onTouchStart={[Function]}
                  tabIndex={0}
                  type="button"
                >
                  <span
                    className="MuiButton-label"
                  >
                    <h2
                      className="selected"
                    >
                      Name
                    </h2>
                  </span>
                </button>
                <div
                  className="c7 c8 downward"
                >
                  <svg
                    aria-hidden={true}
                    className="MuiSvgIcon-root"
                    focusable="false"
                    viewBox="0 0 24 24"
                  >
                    <path
                      d="M4 12l1.41 1.41L11 7.83V20h2V7.83l5.58 5.59L20 12l-8-8-8 8z"
                    />
                  </svg>
                </div>
              </div>
            </th>
            <th
              aria-sort={null}
              className="MuiTableCell-root MuiTableCell-head"
              scope="col"
            >
              <div
                className="c5"
              >
                <button
                  className="MuiButtonBase-root MuiButton-root MuiButton-text c6 MuiButton-colorInherit"
                  disabled={false}
                  onBlur={[Function]}
                  onClick={[Function]}
                  onDragLeave={[Function]}
                  onFocus={[Function]}
                  onKeyDown={[Function]}
                  onKeyUp={[Function]}
                  onMouseDown={[Function]}
                  onMouseLeave={[Function]}
                  onMouseUp={[Function]}
                  onTouchEnd={[Function]}
                  onTouchMove={[Function]}
                  onTouchStart={[Function]}
                  tabIndex={0}
                  type="button"
                >
                  <span
                    className="MuiButton-label"
                  >
                    <h2
                      className=""
                    >
                      Status
                    </h2>
                  </span>
                </button>
                <div
                  style={
                    Object {
                      "width": "16px",
                    }
                  }
                />
              </div>
            </th>
            <th
              aria-sort={null}
              className="MuiTableCell-root MuiTableCell-head"
              scope="col"
            >
              <div
                className="c5"
              >
                <button
                  className="MuiButtonBase-root MuiButton-root MuiButton-text c6 MuiButton-colorInherit"
                  disabled={false}
                  onBlur={[Function]}
                  onClick={[Function]}
                  onDragLeave={[Function]}
                  onFocus={[Function]}
                  onKeyDown={[Function]}
                  onKeyUp={[Function]}
                  onMouseDown={[Function]}
                  onMouseLeave={[Function]}
                  onMouseUp={[Function]}
                  onTouchEnd={[Function]}
                  onTouchMove={[Function]}
                  onTouchStart={[Function]}
                  tabIndex={0}
                  type="button"
                >
                  <span
                    className="MuiButton-label"
                  >
                    <h2
                      className=""
                    >
                      Last Updated
                    </h2>
                  </span>
                </button>
                <div
                  style={
                    Object {
                      "width": "16px",
                    }
                  }
                />
              </div>
            </th>
            <th
              aria-sort={null}
              className="MuiTableCell-root MuiTableCell-head"
              scope="col"
            >
              <div
                className="c5"
              >
                <button
                  className="MuiButtonBase-root MuiButton-root MuiButton-text c6 MuiButton-colorInherit"
                  disabled={false}
                  onBlur={[Function]}
                  onClick={[Function]}
                  onDragLeave={[Function]}
                  onFocus={[Function]}
                  onKeyDown={[Function]}
                  onKeyUp={[Function]}
                  onMouseDown={[Function]}
                  onMouseLeave={[Function]}
                  onMouseUp={[Function]}
                  onTouchEnd={[Function]}
                  onTouchMove={[Function]}
                  onTouchStart={[Function]}
                  tabIndex={0}
                  type="button"
                >
                  <span
                    className="MuiButton-label"
                  >
                    <h2
                      className=""
                    >
                      Last Synced At
                    </h2>
                  </span>
                </button>
                <div
                  style={
                    Object {
                      "width": "16px",
                    }
                  }
                />
              </div>
            </th>
          </tr>
        </thead>
        <tbody
          className="MuiTableBody-root"
          role={null}
        >
          <tr
            className="MuiTableRow-root"
            role={null}
          >
            <td
              aria-sort={null}
              className="MuiTableCell-root MuiTableCell-body"
            >
              <span
                className="c9 c10"
                size="medium"
              >
                <a
                  href="/some_url"
                >
                  nginx
                </a>
              </span>
            </td>
            <td
              aria-sort={null}
              className="MuiTableCell-root MuiTableCell-body"
            >
              <span
                className="c9 c10"
                size="medium"
              >
                Ready
              </span>
            </td>
            <td
              aria-sort={null}
              className="MuiTableCell-root MuiTableCell-body"
            >
              <span
                className="c9 c10"
                size="medium"
              >
                2004-01-02T15:04:05-0700
              </span>
            </td>
            <td
              aria-sort={null}
              className="MuiTableCell-root MuiTableCell-body"
            >
              <span
                className="c9 c10"
                size="medium"
              >
                3000
              </span>
            </td>
          </tr>
          <tr
            className="MuiTableRow-root"
            role={null}
          >
            <td
              aria-sort={null}
              className="MuiTableCell-root MuiTableCell-body"
            >
              <span
                className="c9 c10"
                size="medium"
              >
                <a
                  href="/some_url"
                >
                  podinfo
                </a>
              </span>
            </td>
            <td
              aria-sort={null}
              className="MuiTableCell-root MuiTableCell-body"
            >
              <span
                className="c9 c10"
                size="medium"
              >
                -
              </span>
            </td>
            <td
              aria-sort={null}
              className="MuiTableCell-root MuiTableCell-body"
            >
              <span
                className="c9 c10"
                size="medium"
              >
                2006-01-02T15:04:05-0700
              </span>
            </td>
            <td
              aria-sort={null}
              className="MuiTableCell-root MuiTableCell-body"
            >
              <span
                className="c9 c10"
                size="medium"
              >
                2000
              </span>
            </td>
          </tr>
          <tr
            className="MuiTableRow-root"
            role={null}
          >
            <td
              aria-sort={null}
              className="MuiTableCell-root MuiTableCell-body"
            >
              <span
                className="c9 c10"
                size="medium"
              >
                <a
                  href="/some_url"
                >
                  the-cool-app
                </a>
              </span>
            </td>
            <td
              aria-sort={null}
              className="MuiTableCell-root MuiTableCell-body"
            >
              <span
                className="c9 c10"
                size="medium"
              />
            </td>
            <td
              aria-sort={null}
              className="MuiTableCell-root MuiTableCell-body"
            >
              <span
                className="c9 c10"
                size="medium"
              >
                2005-01-02T15:04:05-0700
              </span>
            </td>
            <td
              aria-sort={null}
              className="MuiTableCell-root MuiTableCell-body"
            >
              <span
                className="c9 c10"
                size="medium"
              >
                1000
              </span>
            </td>
          </tr>
        </tbody>
      </table>
    </div>
    <div
      className="c11"
      data-testid="container"
    >
      <div
        className="c12"
      >
        <div
          className="c13 c14"
        >
          <div
            className="c15"
          >
            <span
              className="c9 c16"
              color="neutral30"
              size="large"
            >
              Filters
            </span>
          </div>
          <form
            className="ControlledForm"
            onSubmit={[Function]}
          >
            <ul
              className="MuiList-root MuiList-padding"
            />
          </form>
        </div>
      </div>
    </div>
  </div>
</div>
`;
